// Jest Snapshot v1, https://goo.gl/fbAQLP

exports[`a pagina de configuracao deve ser renderizada corretamente 1`] = `
<div>
  <div
    class="card"
  >
    <form>
      <div
        class="grupo-input-btn"
      >
        <input
          placeholder="Insira os nomes dos participantes"
          type="text"
          value=""
        />
        <button
          disabled=""
        >
          Adicionar
        </button>
      </div>
      
    </form>
    <ul>
       
       
    </ul>
    <footer>
      <button
        class="botao"
        disabled=""
      >
        Iniciar brincadeira
      </button>
      <img
        alt="Sacolas de compras"
        src="/imagens/sacolas.png"
      />
    </footer>
  </div>
</div>
`;
